rates[0] = variables[8]*(1-states[0])-variables[9]*states[0];
rates[1] = variables[10]*(1-states[1])-variables[11]*states[1];
rates[2] = variables[14]*(1-states[2])-variables[15]*states[2];
rates[3] = -(variables[7]+variables[16]+variables[5])/variables[2];
