variables[0] = 2*voi;
variables[1] = 3*variables[0];
