states[0] = -2.0;
states[1] = 0.0;
variables[0] = 1.0;
