states[0] = 1.0;
states[1] = 1.0;
variables[0] = 1.0;
