variables[7] = variables[0] == variables[1];
variables[8] = variables[0] != variables[1];
variables[9] = variables[0] < variables[1];
variables[10] = variables[0] <= variables[1];
variables[11] = variables[0] > variables[1];
variables[12] = variables[0] >= variables[1];
variables[13] = variables[0]+variables[1];
variables[14] = variables[0]+variables[1]+variables[2]+variables[3]+variables[4];
variables[15] = (variables[0] < variables[1])+(variables[2] > variables[3]);
variables[16] = variables[0];
variables[17] = variables[0]-variables[1];
variables[18] = (variables[0] < variables[1])-(variables[2] > variables[3]);
variables[19] = (variables[0] < variables[1])-(variables[2]+variables[3]);
variables[20] = (variables[0] < variables[1])-variables[2];
variables[21] = -variables[0];
variables[22] = -(variables[0] < variables[1]);
variables[23] = variables[0]*variables[1];
variables[24] = variables[0]*variables[1]*variables[2]*variables[3]*variables[4];
variables[25] = (variables[0] < variables[1])*(variables[2] > variables[3]);
variables[26] = (variables[0]+variables[1])*(variables[2] > variables[3]);
variables[27] = variables[0]*(variables[1] > variables[2]);
variables[28] = (variables[0]-variables[1])*(variables[2] > variables[3]);
variables[29] = -variables[0]*(variables[1] > variables[2]);
variables[30] = (variables[0] < variables[1])*(variables[2]+variables[3]);
variables[31] = (variables[0] < variables[1])*variables[2];
variables[32] = (variables[0] < variables[1])*(variables[2]-variables[3]);
variables[33] = (variables[0] < variables[1])*-variables[2];
variables[34] = variables[0]/variables[1];
variables[35] = (variables[0] < variables[1])/(variables[2] > variables[3]);
variables[36] = (variables[0]+variables[1])/(variables[2] > variables[3]);
variables[37] = variables[0]/(variables[1] > variables[2]);
variables[38] = (variables[0]-variables[1])/(variables[2] > variables[3]);
variables[39] = -variables[0]/(variables[1] > variables[2]);
variables[40] = (variables[0] < variables[1])/(variables[2]+variables[3]);
variables[41] = (variables[0] < variables[1])/variables[2];
variables[42] = (variables[0] < variables[1])/(variables[2]-variables[3]);
variables[43] = (variables[0] < variables[1])/-variables[2];
variables[44] = (variables[0] < variables[1])/(variables[2]*variables[3]);
variables[45] = (variables[0] < variables[1])/(variables[2]/variables[3]);
variables[46] = sqrt(variables[0]);
variables[47] = sqr(variables[0]);
variables[48] = pow(variables[0], 3.0);
variables[49] = pow(variables[0], variables[1]);
variables[50] = pow(variables[0] < variables[1], variables[2] > variables[3]);
variables[51] = pow(variables[0]+variables[1], variables[2] > variables[3]);
variables[52] = pow(variables[0], variables[1] > variables[2]);
variables[53] = pow(variables[0]-variables[1], variables[2] > variables[3]);
variables[54] = pow(-variables[0], variables[1] > variables[2]);
variables[55] = pow(variables[0]*variables[1], variables[2] > variables[3]);
variables[56] = pow(variables[0]/variables[1], variables[2] > variables[3]);
variables[57] = pow(variables[0] < variables[1], variables[2]+variables[3]);
variables[58] = pow(variables[0] < variables[1], variables[2]);
variables[59] = pow(variables[0] < variables[1], variables[2]-variables[3]);
variables[60] = pow(variables[0] < variables[1], -variables[2]);
variables[61] = pow(variables[0] < variables[1], variables[2]*variables[3]);
variables[62] = pow(variables[0] < variables[1], variables[2]/variables[3]);
variables[63] = pow(variables[0] < variables[1], pow(variables[2], variables[3]));
variables[64] = pow(variables[0] < variables[1], pow(variables[2], 1.0/variables[3]));
variables[65] = sqrt(variables[0]);
variables[66] = sqrt(variables[0]);
variables[67] = pow(variables[0], 1.0/3.0);
variables[68] = pow(variables[0], 1.0/variables[1]);
variables[69] = pow(variables[0] < variables[1], 1.0/variables[2] > variables[3]);
variables[70] = pow(variables[0]+variables[1], 1.0/variables[2] > variables[3]);
variables[71] = pow(variables[0], 1.0/variables[1] > variables[2]);
variables[72] = pow(variables[0]-variables[1], 1.0/variables[2] > variables[3]);
variables[73] = pow(-variables[0], 1.0/variables[1] > variables[2]);
variables[74] = pow(variables[0]*variables[1], 1.0/variables[2] > variables[3]);
variables[75] = pow(variables[0]/variables[1], 1.0/variables[2] > variables[3]);
variables[76] = pow(variables[0] < variables[1], 1.0/variables[2]+variables[3]);
variables[77] = pow(variables[0] < variables[1], 1.0/variables[2]);
variables[78] = pow(variables[0] < variables[1], 1.0/variables[2]-variables[3]);
variables[79] = pow(variables[0] < variables[1], 1.0/-variables[2]);
variables[80] = pow(variables[0] < variables[1], 1.0/variables[2]*variables[3]);
variables[81] = pow(variables[0] < variables[1], 1.0/variables[2]/variables[3]);
variables[82] = pow(variables[0] < variables[1], 1.0/pow(variables[2], variables[3]));
variables[83] = pow(variables[0] < variables[1], 1.0/pow(variables[2], 1.0/variables[3]));
variables[84] = fabs(variables[0]);
variables[85] = exp(variables[0]);
variables[86] = log(variables[0]);
variables[87] = log10(variables[0]);
variables[88] = log(variables[0])/log(2.0);
variables[89] = log10(variables[0]);
variables[90] = log(variables[0])/log(variables[1]);
variables[91] = ceil(variables[0]);
variables[92] = floor(variables[0]);
variables[93] = fact(variables[0]);
variables[94] = variables[0] && variables[1];
variables[95] = variables[0] && variables[1] && variables[2] && variables[3] && variables[4];
variables[96] = (variables[0] < variables[1]) && (variables[2] > variables[3]);
variables[97] = (variables[0]+variables[1]) && (variables[2] > variables[3]);
variables[98] = variables[0] && (variables[1] > variables[2]);
variables[99] = (variables[0]-variables[1]) && (variables[2] > variables[3]);
variables[100] = -variables[0] && (variables[1] > variables[2]);
variables[101] = pow(variables[0], variables[1]) && (variables[2] > variables[3]);
variables[102] = pow(variables[0], 1.0/variables[1]) && (variables[2] > variables[3]);
variables[103] = (variables[0] < variables[1]) && (variables[2]+variables[3]);
variables[104] = (variables[0] < variables[1]) && variables[2];
variables[105] = (variables[0] < variables[1]) && (variables[2]-variables[3]);
variables[106] = (variables[0] < variables[1]) && -variables[2];
variables[107] = (variables[0] < variables[1]) && pow(variables[2], variables[3]);
variables[108] = (variables[0] < variables[1]) && pow(variables[2], 1.0/variables[3]);
variables[109] = variables[0] || variables[1];
variables[110] = variables[0] || variables[1] || variables[2] || variables[3] || variables[4];
variables[111] = (variables[0] < variables[1]) || (variables[2] > variables[3]);
variables[112] = (variables[0]+variables[1]) || (variables[2] > variables[3]);
variables[113] = variables[0] || (variables[1] > variables[2]);
variables[114] = (variables[0]-variables[1]) || (variables[2] > variables[3]);
variables[115] = -variables[0] || (variables[1] > variables[2]);
variables[116] = pow(variables[0], variables[1]) || (variables[2] > variables[3]);
variables[117] = pow(variables[0], 1.0/variables[1]) || (variables[2] > variables[3]);
variables[118] = (variables[0] < variables[1]) || (variables[2]+variables[3]);
variables[119] = (variables[0] < variables[1]) || variables[2];
variables[120] = (variables[0] < variables[1]) || (variables[2]-variables[3]);
variables[121] = (variables[0] < variables[1]) || -variables[2];
variables[122] = (variables[0] < variables[1]) || pow(variables[2], variables[3]);
variables[123] = (variables[0] < variables[1]) || pow(variables[2], 1.0/variables[3]);
variables[124] = variables[0]^variables[1];
variables[125] = variables[0]^variables[1]^variables[2]^variables[3]^variables[4];
variables[126] = (variables[0] < variables[1])^(variables[2] > variables[3]);
variables[127] = (variables[0]+variables[1])^(variables[2] > variables[3]);
variables[128] = variables[0]^(variables[1] > variables[2]);
variables[129] = (variables[0]-variables[1])^(variables[2] > variables[3]);
variables[130] = -variables[0]^(variables[1] > variables[2]);
variables[131] = pow(variables[0], variables[1])^(variables[2] > variables[3]);
variables[132] = pow(variables[0], 1.0/variables[1])^(variables[2] > variables[3]);
variables[133] = (variables[0] < variables[1])^(variables[2]+variables[3]);
variables[134] = (variables[0] < variables[1])^variables[2];
variables[135] = (variables[0] < variables[1])^(variables[2]-variables[3]);
variables[136] = (variables[0] < variables[1])^-variables[2];
variables[137] = (variables[0] < variables[1])^pow(variables[2], variables[3]);
variables[138] = (variables[0] < variables[1])^pow(variables[2], 1.0/variables[3]);
variables[139] = !variables[0];
variables[140] = min(variables[0], variables[1]);
variables[141] = min(variables[0], variables[1], variables[2], variables[3], variables[4]);
variables[142] = max(variables[0], variables[1]);
variables[143] = max(variables[0], variables[1], variables[2], variables[3], variables[4]);
variables[144] = gcd(variables[0], variables[1]);
variables[145] = gcd(variables[0], variables[1], variables[2], variables[3], variables[4]);
variables[146] = lcm(variables[0], variables[1]);
variables[147] = lcm(variables[0], variables[1], variables[2], variables[3], variables[4]);
variables[148] = sin(variables[0]);
variables[149] = cos(variables[0]);
variables[150] = tan(variables[0]);
variables[151] = sec(variables[0]);
variables[152] = csc(variables[0]);
variables[153] = cot(variables[0]);
variables[154] = sinh(variables[0]);
variables[155] = cosh(variables[0]);
variables[156] = tanh(variables[0]);
variables[157] = sech(variables[0]);
variables[158] = csch(variables[0]);
variables[159] = coth(variables[0]);
variables[160] = asin(variables[0]);
variables[161] = acos(variables[0]);
variables[162] = atan(variables[0]);
variables[163] = asec(variables[0]);
variables[164] = acsc(variables[0]);
variables[165] = acot(variables[0]);
variables[166] = asinh(variables[0]);
variables[167] = acosh(variables[0]);
variables[168] = atanh(variables[0]);
variables[169] = asech(variables[0]);
variables[170] = acsch(variables[0]);
variables[171] = acoth(variables[0]);
variables[172] = fmod(variables[0], variables[1]);
variables[173] = (variables[0] > variables[1])?variables[0]:sqrt(-1.0);
variables[174] = (variables[0] > variables[1])?variables[0]:variables[2];
variables[175] = (variables[0] > variables[1])?variables[0]:(variables[2] > variables[3])?variables[2]:(variables[4] > variables[5])?variables[4]:sqrt(-1.0);
variables[176] = (variables[0] > variables[1])?variables[0]:(variables[2] > variables[3])?variables[2]:(variables[4] > variables[5])?variables[4]:variables[6];
variables[181] = variables[0];
