variables[5] = ((voi >= 10) && (voi <= 10.5))?-20:0;
variables[7] = variables[0]*(states[3]-variables[6]);
variables[9] = variables[4]*pow(states[0], 3)*states[1]*(states[3]-variables[8]);
variables[10] = 0.1*(states[3]+25)/(exp((states[3]+25)/10)-1);
variables[11] = 4*exp(states[3]/18);
variables[12] = 0.07*exp(states[3]/20);
variables[13] = 1/(exp((states[3]+30)/10)+1);
variables[15] = variables[3]*pow(states[2], 4)*(states[3]-variables[14]);
variables[16] = 0.01*(states[3]+10)/(exp((states[3]+10)/10)-1);
variables[17] = 0.125*exp(states[3]/80);
