states[0] = 0.05;
states[1] = 0.6;
states[2] = 0.325;
states[3] = 0;
variables[0] = 0.3;
variables[1] = 1;
variables[2] = 0;
variables[3] = 36;
variables[4] = 120;
