/* The content of this file was generated using a customized profile and libCellML 0.2.0. */

#include <stddef.h>

extern const char LIBCELLML_VERSION[];

extern const size_t STATE_COUNT;
extern const size_t VARIABLE_COUNT;

extern const VariableInfo VOI_INFO;
extern const VariableInfo STATE_INFO[];
extern const VariableInfoWithType VARIABLE_INFO[];

extern double eq(double x, double y);
extern double neq(double x, double y);
extern double lt(double x, double y);
extern double leq(double x, double y);
extern double gt(double x, double y);
extern double geq(double x, double y);
extern double and(double x, double y);
extern double or(double x, double y);
extern double xor(double x, double y);
extern double not(double x, double y);
extern double min(double x, double y);
extern double max(double x, double y);

extern double sec(double x);
extern double csc(double x);
extern double cot(double x);
extern double sech(double x);
extern double csch(double x);
extern double coth(double x);
extern double asec(double x);
extern double acsc(double x);
extern double acot(double x);
extern double asech(double x);
extern double acsch(double x);
extern double acoth(double x);
